J4 1 desktop dark → J4-01-espera-desktop-dark.png
J4 2 desktop dark → J4-02-empty-validation-desktop-dark.png
J4 3 desktop dark → J4-03-invalid-email-desktop-dark.png
J4 4 desktop dark → J4-03-invalid-email-desktop-dark.png
J4 5 desktop dark → J4-05-b2b-segment-desktop-dark.png
J4 6 desktop dark → J4-06-prefilled-stop-before-submit-desktop-dark.png
J4 7 desktop dark → J4-07-planos-embedded-waitlist-desktop-dark.png
J4 8 desktop dark → J4-08-contato-demo-desktop-dark.png
J4 9 desktop dark → J4-09-cadastro-desktop-dark.png
J4 1 mobile dark → J4-01-espera-mobile-dark.png
J4 2 mobile dark → J4-02-empty-validation-mobile-dark.png
J4 3 mobile dark → J4-03-invalid-email-mobile-dark.png
J4 4 mobile dark → J4-03-invalid-email-mobile-dark.png
J4 5 mobile dark → J4-05-b2b-segment-mobile-dark.png
J4 6 mobile dark → J4-06-prefilled-stop-before-submit-mobile-dark.png
J4 7 mobile dark → J4-07-planos-embedded-waitlist-mobile-dark.png
J4 8 mobile dark → J4-08-contato-demo-mobile-dark.png
J4 9 mobile dark → J4-09-cadastro-mobile-dark.png
J5 1 desktop dark → J5-01-juridico-desktop-dark.png
J5 2 desktop dark → J5-02-manifesto-desktop-dark.png
J5 3 desktop dark → J5-03-fundador-desktop-dark.png
J5 4 desktop dark → J5-04-seguranca-desktop-dark.png
J5 5 desktop dark → J5-05-footer-desktop-dark.png
J5 6 desktop dark → J5-06-privacidade-desktop-dark.png
J5 1 mobile dark → J5-01-juridico-mobile-dark.png
J5 2 mobile dark → J5-02-manifesto-mobile-dark.png
J5 3 mobile dark → J5-03-fundador-mobile-dark.png
J5 4 mobile dark → J5-04-seguranca-mobile-dark.png
J5 5 mobile dark → J5-05-footer-mobile-dark.png
J5 6 mobile dark → J5-06-privacidade-mobile-dark.png
J6 1 mobile dark → J6-01-header-mobile-dark.png
J6 2 mobile dark → J6-02-menu-open-mobile-dark.png
J6 3 mobile dark → J6-03-menu-escape-mobile-dark.png
J6 4 mobile dark → J6-04-menu-anchor-seguranca-mobile-dark.png
J6 5 mobile dark → J6-05-tap-targets-annotated-mobile-dark.png
J6 6 mobile dark → J6-06-overflow-planos-table-mobile-dark.png
J6 6 mobile dark → J6-06-overflow-modelos-table-mobile-dark.png
J6 1 desktop dark → J6-01-keyboard-skip-link-desktop-dark.png
J6 2 desktop dark → J6-02-keyboard-focus-ring-desktop-dark.png
done J4,J5,J6
