J3 1 desktop dark → J3-01-planos-desktop-dark.png
J3 2 desktop dark → J3-02-para-voce-desktop-dark.png
J3 3 desktop dark → J3-03-early-access-desktop-dark.png
J3 4 desktop dark → J3-04-compare-table-desktop-dark.png
J3 5 desktop dark → J3-05-stripe-assinar-starter-desktop-dark.png
J3 6 desktop dark → J3-06-stripe-assinar-pro-desktop-dark.png
J3 7 desktop dark → J3-07-stripe-assinar-dedicado-desktop-dark.png
J3 8 desktop dark → J3-08-stripe-contratar-diagn-stico-desktop-dark.png
J3 1 desktop light → J3-01-planos-desktop-light.png
J3 2 desktop light → J3-02-para-voce-desktop-light.png
J3 3 desktop light → J3-03-early-access-desktop-light.png
J3 4 desktop light → J3-04-compare-table-desktop-light.png
J3 1 mobile dark → J3-01-planos-mobile-dark.png
J3 2 mobile dark → J3-02-para-voce-mobile-dark.png
J3 3 mobile dark → J3-03-early-access-mobile-dark.png
J3 4 mobile dark → J3-04-compare-table-mobile-dark.png
J3 5 mobile dark → J3-05-stripe-pr-assinar-entrar-em-23-09-mobile-dark.png
J3 6 mobile dark → J3-06-stripe-comprar-passe-mobile-dark.png
J3 7 mobile dark → J3-07-stripe-pr-assinar-entrar-em-23-09-annual-mobile-dark.png
J3 1 mobile light → J3-01-planos-mobile-light.png
J3 2 mobile light → J3-02-para-voce-mobile-light.png
J3 3 mobile light → J3-03-early-access-mobile-light.png
J3 4 mobile light → J3-04-compare-table-mobile-light.png
done J3
